
> newme-platform@0.1.0 build
> next build

▲ Next.js 16.2.6 (Turbopack)
- Environments: .env.local

  Creating an optimized production build ...
✓ Compiled successfully in 10.6s
  Running TypeScript ...
  Finished TypeScript in 8.2s ...
  Collecting page data using 1 worker ...
  Generating static pages using 1 worker (0/15) ...
  Generating static pages using 1 worker (3/15) 
  Generating static pages using 1 worker (7/15) 
  Generating static pages using 1 worker (11/15) 
✓ Generating static pages using 1 worker (15/15) in 399ms
  Finalizing page optimization ...

Route (app)
┌ ○ /
├ ○ /_not-found
├ ○ /ads
├ ƒ /api/hermes/generate-quote
├ ƒ /api/leads/meta-capi
├ ○ /dashboard
├ ○ /leads
├ ƒ /leads/[id]
├ ○ /leads/new
├ ○ /login
├ ○ /messages
├ ○ /pipeline
├ ○ /projects
└ ○ /quotes


ƒ Proxy (Middleware)

○  (Static)   prerendered as static content
ƒ  (Dynamic)  server-rendered on demand

